{"ts":"2026-06-09T13:53:12.024Z","method":"GET","path":"/api/student-enquiry","body":null,"ip":"::ffff:127.0.0.1"}
{"ts":"2026-06-09T13:53:12.243Z","method":"POST","path":"/api/student-enquiry","body":{"full_name":"Test User","phone":"9999999999","email":"test@example.com","job_type":"invalid-type"},"ip":"::ffff:127.0.0.1"}
{"ts":"2026-06-09T13:54:36.066Z","method":"GET","path":"/api/student-enquiry","body":null,"ip":"::ffff:127.0.0.1"}
{"ts":"2026-06-09T13:54:36.282Z","method":"POST","path":"/api/student-enquiry","body":{"full_name":"Test User","phone":"9999999999","email":"test@example.com","job_type":"invalid-type"},"ip":"::ffff:127.0.0.1"}
{"ts":"2026-06-09T13:57:09.202Z","method":"POST","path":"/api/student-enquiry","body":{"full_name":"Santhosh Kumar Reddy","phone":"08142278908","email":"santhoshreddy9533@gmail.com","job_type":"IT","career_option":"Machine Learning"},"ip":"::1"}
{"ts":"2026-06-09T13:57:27.155Z","method":"POST","path":"/api/student-enquiry","body":{"full_name":"Santhosh Reddy","phone":"09533698491","email":"santhoshreddy9533@gmail.com","career_option":"Non Voice Process - Data Entry","job_type":"Non-IT"},"ip":"::1"}
{"ts":"2026-06-09T13:57:41.363Z","method":"GET","path":"/api/student-enquiry","body":null,"ip":"::1"}
{"ts":"2026-06-09T13:57:41.390Z","method":"GET","path":"/api/student-enquiry","body":null,"ip":"::1"}
{"ts":"2026-06-09T14:10:15.628Z","method":"GET","path":"/api/student-enquiry","body":null,"ip":"::1"}
{"ts":"2026-06-09T14:10:15.659Z","method":"GET","path":"/api/student-enquiry","body":null,"ip":"::1"}
{"ts":"2026-06-09T14:12:09.636Z","method":"GET","path":"/api/student-enquiry","body":null,"ip":"::1"}
{"ts":"2026-06-09T14:12:20.011Z","method":"GET","path":"/api/student-enquiry","body":null,"ip":"::1"}
{"ts":"2026-06-09T14:12:20.037Z","method":"GET","path":"/api/student-enquiry","body":null,"ip":"::1"}
{"ts":"2026-06-09T14:18:29.595Z","method":"GET","path":"/api/student-enquiry","body":null,"ip":"::1"}
{"ts":"2026-06-09T14:19:37.595Z","method":"GET","path":"/api/student-enquiry","body":null,"ip":"::1"}
{"ts":"2026-06-09T14:19:37.630Z","method":"GET","path":"/api/student-enquiry","body":null,"ip":"::1"}
{"ts":"2026-06-09T14:22:41.599Z","method":"GET","path":"/api/student-enquiry","body":null,"ip":"::1"}
{"ts":"2026-06-09T14:22:41.600Z","method":"GET","path":"/api/student-enquiry?page=1&perPage=10","body":null,"ip":"::1"}
{"ts":"2026-06-09T14:24:45.581Z","method":"GET","path":"/api/student-enquiry","body":null,"ip":"::1"}
{"ts":"2026-06-09T14:46:45.277Z","method":"GET","path":"/api/student-enquiry","body":null,"ip":"::1"}
{"ts":"2026-06-09T14:47:08.236Z","method":"GET","path":"/api/student-enquiry","body":null,"ip":"::1"}
{"ts":"2026-06-09T15:41:25.977Z","method":"GET","path":"/api/student-enquiry","body":null,"ip":"::1"}
{"ts":"2026-06-09T15:41:26.884Z","method":"GET","path":"/api/student-enquiry","body":null,"ip":"::1"}
{"ts":"2026-06-09T16:32:53.620Z","method":"GET","path":"/api/student-enquiry?page=1&perPage=10","body":null,"ip":"::1"}
{"ts":"2026-06-09T16:32:54.158Z","method":"GET","path":"/api/student-enquiry?page=1&perPage=10","body":null,"ip":"::1"}
{"ts":"2026-06-09T16:34:33.273Z","method":"GET","path":"/api/student-enquiry?page=1&perPage=10","body":null,"ip":"::1"}
{"ts":"2026-06-09T16:34:33.304Z","method":"GET","path":"/api/student-enquiry?page=1&perPage=10","body":null,"ip":"::1"}
{"ts":"2026-06-09T16:34:48.759Z","method":"GET","path":"/api/student-enquiry?q=santhoshreddy9533%40gmail.com&page=1&perPage=10","body":null,"ip":"::1"}
{"ts":"2026-06-09T16:34:52.484Z","method":"GET","path":"/api/student-enquiry?q=santhoshreddy9533%40gmail.co&page=1&perPage=10","body":null,"ip":"::1"}
{"ts":"2026-06-09T16:34:53.009Z","method":"GET","path":"/api/student-enquiry?q=santhoshreddy9533%40gmail.c&page=1&perPage=10","body":null,"ip":"::1"}
{"ts":"2026-06-09T16:34:53.036Z","method":"GET","path":"/api/student-enquiry?q=santhoshreddy9533%40gmail.&page=1&perPage=10","body":null,"ip":"::1"}
{"ts":"2026-06-09T16:34:53.067Z","method":"GET","path":"/api/student-enquiry?q=santhoshreddy9533%40gmail&page=1&perPage=10","body":null,"ip":"::1"}
{"ts":"2026-06-09T16:34:53.101Z","method":"GET","path":"/api/student-enquiry?q=santhoshreddy9533%40gmai&page=1&perPage=10","body":null,"ip":"::1"}
{"ts":"2026-06-09T16:34:53.133Z","method":"GET","path":"/api/student-enquiry?q=santhoshreddy9533%40gma&page=1&perPage=10","body":null,"ip":"::1"}
{"ts":"2026-06-09T16:34:53.166Z","method":"GET","path":"/api/student-enquiry?q=santhoshreddy9533%40gm&page=1&perPage=10","body":null,"ip":"::1"}
{"ts":"2026-06-09T16:34:53.199Z","method":"GET","path":"/api/student-enquiry?q=santhoshreddy9533%40g&page=1&perPage=10","body":null,"ip":"::1"}
{"ts":"2026-06-09T16:34:53.232Z","method":"GET","path":"/api/student-enquiry?q=santhoshreddy9533%40&page=1&perPage=10","body":null,"ip":"::1"}
{"ts":"2026-06-09T16:34:53.264Z","method":"GET","path":"/api/student-enquiry?q=santhoshreddy9533&page=1&perPage=10","body":null,"ip":"::1"}
{"ts":"2026-06-09T16:34:53.297Z","method":"GET","path":"/api/student-enquiry?q=santhoshreddy953&page=1&perPage=10","body":null,"ip":"::1"}
{"ts":"2026-06-09T16:34:53.328Z","method":"GET","path":"/api/student-enquiry?q=santhoshreddy95&page=1&perPage=10","body":null,"ip":"::1"}
{"ts":"2026-06-09T16:34:53.361Z","method":"GET","path":"/api/student-enquiry?q=santhoshreddy9&page=1&perPage=10","body":null,"ip":"::1"}
{"ts":"2026-06-09T16:34:53.395Z","method":"GET","path":"/api/student-enquiry?q=santhoshreddy&page=1&perPage=10","body":null,"ip":"::1"}
{"ts":"2026-06-09T16:34:53.424Z","method":"GET","path":"/api/student-enquiry?q=santhoshredd&page=1&perPage=10","body":null,"ip":"::1"}
{"ts":"2026-06-09T16:34:53.461Z","method":"GET","path":"/api/student-enquiry?q=santhoshred&page=1&perPage=10","body":null,"ip":"::1"}
{"ts":"2026-06-09T16:34:53.497Z","method":"GET","path":"/api/student-enquiry?q=santhoshre&page=1&perPage=10","body":null,"ip":"::1"}
{"ts":"2026-06-09T16:34:53.524Z","method":"GET","path":"/api/student-enquiry?q=santhoshr&page=1&perPage=10","body":null,"ip":"::1"}
{"ts":"2026-06-09T16:34:53.561Z","method":"GET","path":"/api/student-enquiry?q=santhosh&page=1&perPage=10","body":null,"ip":"::1"}
{"ts":"2026-06-09T16:34:53.590Z","method":"GET","path":"/api/student-enquiry?q=santhos&page=1&perPage=10","body":null,"ip":"::1"}
{"ts":"2026-06-09T16:34:53.627Z","method":"GET","path":"/api/student-enquiry?q=santho&page=1&perPage=10","body":null,"ip":"::1"}
{"ts":"2026-06-09T16:34:53.656Z","method":"GET","path":"/api/student-enquiry?q=santh&page=1&perPage=10","body":null,"ip":"::1"}
{"ts":"2026-06-09T16:34:53.693Z","method":"GET","path":"/api/student-enquiry?q=sant&page=1&perPage=10","body":null,"ip":"::1"}
{"ts":"2026-06-09T16:34:53.723Z","method":"GET","path":"/api/student-enquiry?q=san&page=1&perPage=10","body":null,"ip":"::1"}
{"ts":"2026-06-09T16:34:53.758Z","method":"GET","path":"/api/student-enquiry?q=sa&page=1&perPage=10","body":null,"ip":"::1"}
{"ts":"2026-06-09T16:34:53.790Z","method":"GET","path":"/api/student-enquiry?q=s&page=1&perPage=10","body":null,"ip":"::1"}
{"ts":"2026-06-09T16:34:53.829Z","method":"GET","path":"/api/student-enquiry?page=1&perPage=10","body":null,"ip":"::1"}
{"ts":"2026-06-09T16:34:55.539Z","method":"GET","path":"/api/student-enquiry?q=I&page=1&perPage=10","body":null,"ip":"::1"}
{"ts":"2026-06-09T16:34:56.032Z","method":"GET","path":"/api/student-enquiry?q=IT&page=1&perPage=10","body":null,"ip":"::1"}
{"ts":"2026-06-09T16:35:14.912Z","method":"GET","path":"/api/student-enquiry?page=1&perPage=10","body":null,"ip":"::1"}
{"ts":"2026-06-09T16:35:15.060Z","method":"GET","path":"/api/student-enquiry?page=1&perPage=10","body":null,"ip":"::1"}
{"ts":"2026-06-09T16:35:19.506Z","method":"GET","path":"/api/student-enquiry?q=n&page=1&perPage=10","body":null,"ip":"::1"}
{"ts":"2026-06-09T16:35:21.196Z","method":"GET","path":"/api/student-enquiry?q=no&page=1&perPage=10","body":null,"ip":"::1"}
{"ts":"2026-06-09T16:35:21.585Z","method":"GET","path":"/api/student-enquiry?q=nom&page=1&perPage=10","body":null,"ip":"::1"}
{"ts":"2026-06-09T16:35:23.112Z","method":"GET","path":"/api/student-enquiry?q=no&page=1&perPage=10","body":null,"ip":"::1"}
{"ts":"2026-06-09T16:35:23.630Z","method":"GET","path":"/api/student-enquiry?q=n&page=1&perPage=10","body":null,"ip":"::1"}
{"ts":"2026-06-09T16:35:23.658Z","method":"GET","path":"/api/student-enquiry?page=1&perPage=10","body":null,"ip":"::1"}
{"ts":"2026-06-09T16:41:52.717Z","method":"GET","path":"/api/student-enquiry?page=1&perPage=5","body":null,"ip":"::1"}
{"ts":"2026-06-09T16:42:21.113Z","method":"GET","path":"/api/student-enquiry?page=1&perPage=10","body":null,"ip":"::1"}
{"ts":"2026-06-09T16:42:21.376Z","method":"GET","path":"/api/student-enquiry?page=1&perPage=10","body":null,"ip":"::1"}
{"ts":"2026-06-09T16:42:25.355Z","method":"GET","path":"/api/student-enquiry?q=I&page=1&perPage=10","body":null,"ip":"::1"}
{"ts":"2026-06-09T16:42:25.797Z","method":"GET","path":"/api/student-enquiry?q=IT&page=1&perPage=10","body":null,"ip":"::1"}
{"ts":"2026-06-09T16:42:33.715Z","method":"GET","path":"/api/student-enquiry?q=I&page=1&perPage=10","body":null,"ip":"::1"}
{"ts":"2026-06-09T16:42:34.241Z","method":"GET","path":"/api/student-enquiry?page=1&perPage=10","body":null,"ip":"::1"}
{"ts":"2026-06-09T16:45:46.129Z","method":"GET","path":"/api/student-enquiry?page=1&perPage=10","body":null,"ip":"::1"}
{"ts":"2026-06-09T16:45:46.182Z","method":"GET","path":"/api/student-enquiry?page=1&perPage=10","body":null,"ip":"::1"}
{"ts":"2026-06-09T16:45:49.846Z","method":"GET","path":"/api/student-enquiry?q=I&page=1&perPage=10","body":null,"ip":"::1"}
{"ts":"2026-06-09T16:45:50.585Z","method":"GET","path":"/api/student-enquiry?q=IT&page=1&perPage=10","body":null,"ip":"::1"}
{"ts":"2026-06-09T16:45:53.756Z","method":"GET","path":"/api/student-enquiry?q=I&page=1&perPage=10","body":null,"ip":"::1"}
{"ts":"2026-06-09T16:45:54.036Z","method":"GET","path":"/api/student-enquiry?page=1&perPage=10","body":null,"ip":"::1"}
{"ts":"2026-06-09T16:46:29.416Z","method":"GET","path":"/api/student-enquiry?page=1&perPage=5&job_type=IT","body":null,"ip":"::1"}
{"ts":"2026-06-09T16:46:29.684Z","method":"GET","path":"/api/student-enquiry?page=1&perPage=5&createdAt=2026-06-09","body":null,"ip":"::1"}
{"ts":"2026-06-09T16:46:29.739Z","method":"GET","path":"/api/student-enquiry?page=1&perPage=5&q=Santhosh","body":null,"ip":"::1"}
{"ts":"2026-06-09T16:50:44.860Z","method":"GET","path":"/api/student-enquiry?page=1&perPage=5&job_type=IT","body":null,"ip":"::1"}
{"ts":"2026-06-09T16:50:45.458Z","method":"GET","path":"/api/student-enquiry?page=1&perPage=5&createdAt=2026-06-09","body":null,"ip":"::1"}
{"ts":"2026-06-09T16:50:45.517Z","method":"GET","path":"/api/student-enquiry?page=1&perPage=5&q=Santhosh","body":null,"ip":"::1"}
{"ts":"2026-06-09T16:57:20.929Z","method":"GET","path":"/api/student-enquiry?page=1&perPage=5&job_type=IT","body":null,"ip":"::1"}
{"ts":"2026-06-09T16:57:21.008Z","method":"GET","path":"/api/student-enquiry?page=1&perPage=5&createdAt=2026-06-09","body":null,"ip":"::1"}
{"ts":"2026-06-09T16:57:21.119Z","method":"GET","path":"/api/student-enquiry?page=1&perPage=5&q=Santhosh","body":null,"ip":"::1"}
{"ts":"2026-06-09T16:58:06.588Z","method":"GET","path":"/api/student-enquiry?page=1&perPage=5&job_type=IT","body":null,"ip":"::1"}
{"ts":"2026-06-09T16:58:06.658Z","method":"GET","path":"/api/student-enquiry?page=1&perPage=5&createdAt=2026-06-09","body":null,"ip":"::1"}
{"ts":"2026-06-09T16:58:06.743Z","method":"GET","path":"/api/student-enquiry?page=1&perPage=5&q=Santhosh","body":null,"ip":"::1"}
{"ts":"2026-06-09T16:59:13.410Z","method":"GET","path":"/api/student-enquiry?page=1&perPage=10","body":null,"ip":"::1"}
{"ts":"2026-06-09T16:59:13.731Z","method":"GET","path":"/api/student-enquiry?page=1&perPage=10","body":null,"ip":"::1"}
{"ts":"2026-06-09T16:59:19.616Z","method":"GET","path":"/api/student-enquiry?q=santhoshreddy9533%40gmail.com&page=1&perPage=10","body":null,"ip":"::1"}
{"ts":"2026-06-09T16:59:24.608Z","method":"GET","path":"/api/student-enquiry?q=santhoshreddy9533%40gmail.co&page=1&perPage=10","body":null,"ip":"::1"}
{"ts":"2026-06-09T16:59:25.141Z","method":"GET","path":"/api/student-enquiry?q=santhoshreddy9533%40gmail.c&page=1&perPage=10","body":null,"ip":"::1"}
{"ts":"2026-06-09T16:59:25.163Z","method":"GET","path":"/api/student-enquiry?q=santhoshreddy9533%40gmail.&page=1&perPage=10","body":null,"ip":"::1"}
{"ts":"2026-06-09T16:59:25.198Z","method":"GET","path":"/api/student-enquiry?q=santhoshreddy9533%40gmail&page=1&perPage=10","body":null,"ip":"::1"}
{"ts":"2026-06-09T16:59:25.228Z","method":"GET","path":"/api/student-enquiry?q=santhoshreddy9533%40gmai&page=1&perPage=10","body":null,"ip":"::1"}
{"ts":"2026-06-09T16:59:25.259Z","method":"GET","path":"/api/student-enquiry?q=santhoshreddy9533%40gma&page=1&perPage=10","body":null,"ip":"::1"}
{"ts":"2026-06-09T16:59:25.291Z","method":"GET","path":"/api/student-enquiry?q=santhoshreddy9533%40gm&page=1&perPage=10","body":null,"ip":"::1"}
{"ts":"2026-06-09T16:59:25.326Z","method":"GET","path":"/api/student-enquiry?q=santhoshreddy9533%40g&page=1&perPage=10","body":null,"ip":"::1"}
{"ts":"2026-06-09T16:59:25.358Z","method":"GET","path":"/api/student-enquiry?q=santhoshreddy9533%40&page=1&perPage=10","body":null,"ip":"::1"}
{"ts":"2026-06-09T16:59:25.389Z","method":"GET","path":"/api/student-enquiry?q=santhoshreddy9533&page=1&perPage=10","body":null,"ip":"::1"}
{"ts":"2026-06-09T16:59:25.438Z","method":"GET","path":"/api/student-enquiry?q=santhoshreddy953&page=1&perPage=10","body":null,"ip":"::1"}
{"ts":"2026-06-09T16:59:25.456Z","method":"GET","path":"/api/student-enquiry?q=santhoshreddy95&page=1&perPage=10","body":null,"ip":"::1"}
{"ts":"2026-06-09T16:59:25.492Z","method":"GET","path":"/api/student-enquiry?q=santhoshreddy9&page=1&perPage=10","body":null,"ip":"::1"}
{"ts":"2026-06-09T16:59:25.527Z","method":"GET","path":"/api/student-enquiry?q=santhoshreddy&page=1&perPage=10","body":null,"ip":"::1"}
{"ts":"2026-06-09T16:59:25.553Z","method":"GET","path":"/api/student-enquiry?q=santhoshredd&page=1&perPage=10","body":null,"ip":"::1"}
{"ts":"2026-06-09T16:59:25.596Z","method":"GET","path":"/api/student-enquiry?q=santhoshred&page=1&perPage=10","body":null,"ip":"::1"}
{"ts":"2026-06-09T16:59:25.618Z","method":"GET","path":"/api/student-enquiry?q=santhoshre&page=1&perPage=10","body":null,"ip":"::1"}
{"ts":"2026-06-09T16:59:25.654Z","method":"GET","path":"/api/student-enquiry?q=santhoshr&page=1&perPage=10","body":null,"ip":"::1"}
{"ts":"2026-06-09T16:59:25.688Z","method":"GET","path":"/api/student-enquiry?q=santhosh&page=1&perPage=10","body":null,"ip":"::1"}
{"ts":"2026-06-09T16:59:25.732Z","method":"GET","path":"/api/student-enquiry?q=santhos&page=1&perPage=10","body":null,"ip":"::1"}
{"ts":"2026-06-09T16:59:25.753Z","method":"GET","path":"/api/student-enquiry?q=santho&page=1&perPage=10","body":null,"ip":"::1"}
{"ts":"2026-06-09T16:59:25.783Z","method":"GET","path":"/api/student-enquiry?q=santh&page=1&perPage=10","body":null,"ip":"::1"}
{"ts":"2026-06-09T16:59:25.820Z","method":"GET","path":"/api/student-enquiry?q=sant&page=1&perPage=10","body":null,"ip":"::1"}
{"ts":"2026-06-09T16:59:25.863Z","method":"GET","path":"/api/student-enquiry?q=san&page=1&perPage=10","body":null,"ip":"::1"}
{"ts":"2026-06-09T16:59:25.880Z","method":"GET","path":"/api/student-enquiry?q=sa&page=1&perPage=10","body":null,"ip":"::1"}
{"ts":"2026-06-09T16:59:25.915Z","method":"GET","path":"/api/student-enquiry?q=s&page=1&perPage=10","body":null,"ip":"::1"}
{"ts":"2026-06-09T16:59:25.951Z","method":"GET","path":"/api/student-enquiry?page=1&perPage=10","body":null,"ip":"::1"}
{"ts":"2026-06-09T16:59:29.120Z","method":"GET","path":"/api/student-enquiry?q=I&page=1&perPage=10","body":null,"ip":"::1"}
{"ts":"2026-06-09T16:59:29.689Z","method":"GET","path":"/api/student-enquiry?q=IT&page=1&perPage=10","body":null,"ip":"::1"}
{"ts":"2026-06-09T17:01:11.590Z","method":"GET","path":"/api/student-enquiry?page=1&perPage=10","body":null,"ip":"::1"}
{"ts":"2026-06-09T17:01:41.402Z","method":"GET","path":"/api/student-enquiry?page=1&perPage=10","body":null,"ip":"::1"}
{"ts":"2026-06-09T17:01:41.470Z","method":"GET","path":"/api/student-enquiry?page=1&perPage=10","body":null,"ip":"::1"}
{"ts":"2026-06-09T17:01:51.753Z","method":"GET","path":"/api/student-enquiry?page=2&perPage=10","body":null,"ip":"::1"}
{"ts":"2026-06-09T17:01:52.899Z","method":"GET","path":"/api/student-enquiry?page=3&perPage=10","body":null,"ip":"::1"}
{"ts":"2026-06-09T17:01:54.183Z","method":"GET","path":"/api/student-enquiry?page=4&perPage=10","body":null,"ip":"::1"}
{"ts":"2026-06-09T17:07:32.429Z","method":"GET","path":"/api/student-enquiry?page=3&perPage=10","body":null,"ip":"::1"}
{"ts":"2026-06-09T17:07:35.218Z","method":"GET","path":"/api/student-enquiry?page=2&perPage=10","body":null,"ip":"::1"}
{"ts":"2026-06-09T17:07:35.708Z","method":"GET","path":"/api/student-enquiry?page=1&perPage=10","body":null,"ip":"::1"}
{"ts":"2026-06-09T17:07:38.638Z","method":"GET","path":"/api/student-enquiry?page=4&perPage=10","body":null,"ip":"::1"}
{"ts":"2026-06-09T17:07:47.315Z","method":"GET","path":"/api/student-enquiry?page=1&perPage=10","body":null,"ip":"::1"}
{"ts":"2026-06-09T17:08:06.507Z","method":"GET","path":"/api/student-enquiry?page=1&perPage=10","body":null,"ip":"::1"}
{"ts":"2026-06-09T17:15:32.491Z","method":"GET","path":"/api/student-enquiry?page=1&perPage=10","body":null,"ip":"::1"}
{"ts":"2026-06-09T17:16:03.653Z","method":"GET","path":"/api/student-enquiry?page=1&perPage=10","body":null,"ip":"::1"}
{"ts":"2026-06-09T17:16:22.896Z","method":"GET","path":"/api/student-enquiry?page=1&perPage=5&job_type=IT","body":null,"ip":"::1"}
{"ts":"2026-06-09T17:21:23.814Z","method":"GET","path":"/api/student-enquiry?page=1&perPage=10","body":null,"ip":"::1"}
{"ts":"2026-06-09T17:21:43.082Z","method":"GET","path":"/api/student-enquiry?page=1&perPage=10","body":null,"ip":"::1"}
{"ts":"2026-06-09T17:21:52.825Z","method":"GET","path":"/api/student-enquiry?page=2&perPage=10","body":null,"ip":"::1"}
{"ts":"2026-06-09T17:21:54.026Z","method":"GET","path":"/api/student-enquiry?page=1&perPage=10","body":null,"ip":"::1"}
{"ts":"2026-06-09T17:21:58.241Z","method":"GET","path":"/api/student-enquiry?page=2&perPage=10","body":null,"ip":"::1"}
{"ts":"2026-06-09T17:21:59.092Z","method":"GET","path":"/api/student-enquiry?page=3&perPage=10","body":null,"ip":"::1"}
{"ts":"2026-06-09T17:22:00.604Z","method":"GET","path":"/api/student-enquiry?page=4&perPage=10","body":null,"ip":"::1"}
{"ts":"2026-06-09T17:22:02.642Z","method":"GET","path":"/api/student-enquiry?page=3&perPage=10","body":null,"ip":"::1"}
{"ts":"2026-06-09T17:22:13.427Z","method":"GET","path":"/api/student-enquiry?page=3&perPage=10&job_type=Non-IT","body":null,"ip":"::1"}
{"ts":"2026-06-09T17:22:13.451Z","method":"GET","path":"/api/student-enquiry?page=1&perPage=10&job_type=Non-IT","body":null,"ip":"::1"}
{"ts":"2026-06-09T17:22:17.793Z","method":"GET","path":"/api/student-enquiry?page=1&perPage=10&job_type=IT","body":null,"ip":"::1"}
{"ts":"2026-06-09T17:22:43.263Z","method":"GET","path":"/api/student-enquiry/month/","body":null,"ip":"::1"}
{"ts":"2026-06-09T17:22:49.230Z","method":"GET","path":"/api/student-enquiry/date/","body":null,"ip":"::1"}
{"ts":"2026-06-09T17:22:53.362Z","method":"GET","path":"/api/student-enquiry?page=1&perPage=10&job_type=IT&createdAt=2026-06-09","body":null,"ip":"::1"}
{"ts":"2026-06-09T17:22:56.048Z","method":"GET","path":"/api/student-enquiry/date/2026-06-09","body":null,"ip":"::1"}
{"ts":"2026-06-09T17:23:08.794Z","method":"GET","path":"/api/student-enquiry/month/2026-01","body":null,"ip":"::1"}
{"ts":"2026-06-09T17:24:33.236Z","method":"GET","path":"/api/student-enquiry?page=1&perPage=10","body":null,"ip":"::1"}
{"ts":"2026-06-09T17:24:33.564Z","method":"GET","path":"/api/student-enquiry?page=1&perPage=10","body":null,"ip":"::1"}
{"ts":"2026-06-09T17:43:52.050Z","method":"GET","path":"/api/student-enquiry?page=1&perPage=1000","body":null,"ip":"::1"}
{"ts":"2026-06-09T17:51:13.576Z","method":"GET","path":"/api/student-enquiry?page=1&perPage=1000","body":null,"ip":"::1"}
{"ts":"2026-06-09T17:51:13.708Z","method":"GET","path":"/api/student-enquiry?page=1&perPage=1000","body":null,"ip":"::1"}
{"ts":"2026-06-09T17:51:35.044Z","method":"GET","path":"/api/student-enquiry?page=1&perPage=1000","body":null,"ip":"::1"}
{"ts":"2026-06-09T18:01:13.039Z","method":"GET","path":"/api/student-enquiry?page=1&perPage=1000","body":null,"ip":"::1"}
{"ts":"2026-06-09T18:14:15.927Z","method":"GET","path":"/api/student-enquiry?page=1&perPage=1000","body":null,"ip":"::1"}
{"ts":"2026-06-09T18:14:16.013Z","method":"GET","path":"/api/student-enquiry?page=1&perPage=1000","body":null,"ip":"::1"}
{"ts":"2026-06-09T18:15:57.943Z","method":"GET","path":"/api/student-enquiry?page=1&perPage=1000","body":null,"ip":"::1"}
{"ts":"2026-06-09T18:15:58.575Z","method":"GET","path":"/api/student-enquiry?page=1&perPage=1000","body":null,"ip":"::1"}
{"ts":"2026-06-09T18:19:40.211Z","method":"GET","path":"/api/student-enquiry?page=1&perPage=1000","body":null,"ip":"::1"}
{"ts":"2026-06-09T18:19:40.616Z","method":"GET","path":"/api/student-enquiry?page=1&perPage=1000","body":null,"ip":"::1"}
{"ts":"2026-06-09T18:20:13.905Z","method":"GET","path":"/api/student-enquiry?page=1&perPage=1000","body":null,"ip":"::1"}
{"ts":"2026-06-09T18:20:14.100Z","method":"GET","path":"/api/student-enquiry?page=1&perPage=1000","body":null,"ip":"::1"}
{"ts":"2026-06-09T18:24:54.007Z","method":"GET","path":"/api/student-enquiry?page=1&perPage=1000","body":null,"ip":"::1"}
{"ts":"2026-06-09T18:24:54.213Z","method":"GET","path":"/api/student-enquiry?page=1&perPage=1000","body":null,"ip":"::1"}
{"ts":"2026-06-09T18:42:02.027Z","method":"GET","path":"/api/student-enquiry?page=1&perPage=1000","body":null,"ip":"::1"}
{"ts":"2026-06-09T18:43:22.983Z","method":"GET","path":"/api/student-enquiry?page=1&perPage=1000","body":null,"ip":"::1"}
{"ts":"2026-06-09T18:43:23.040Z","method":"GET","path":"/api/student-enquiry?page=1&perPage=1000","body":null,"ip":"::1"}
{"ts":"2026-06-10T11:44:52.722Z","method":"GET","path":"/api/student-enquiry?page=1&perPage=10","body":null,"ip":"::1"}
{"ts":"2026-06-10T11:44:52.813Z","method":"GET","path":"/api/student-enquiry?page=1&perPage=10","body":null,"ip":"::1"}
{"ts":"2026-06-10T11:45:53.505Z","method":"POST","path":"/api/student-enquiry","body":{"full_name":"prakash","phone":"9533567876","email":"prakash@gmail.com","job_type":"IT","career_option":"Machine Learning"},"ip":"::1"}
{"ts":"2026-06-10T11:46:11.373Z","method":"GET","path":"/api/student-enquiry?page=1&perPage=10","body":null,"ip":"::1"}
{"ts":"2026-06-10T11:46:11.440Z","method":"GET","path":"/api/student-enquiry?page=1&perPage=10","body":null,"ip":"::1"}
{"ts":"2026-06-10T14:45:54.609Z","method":"GET","path":"/api/student-enquiry?page=1&perPage=10","body":null,"ip":"::1"}
{"ts":"2026-06-10T14:45:54.733Z","method":"GET","path":"/api/student-enquiry?page=1&perPage=10","body":null,"ip":"::1"}
{"ts":"2026-06-10T14:46:15.311Z","method":"GET","path":"/api/student-enquiry?page=1&perPage=10","body":null,"ip":"::1"}
{"ts":"2026-06-10T14:46:15.363Z","method":"GET","path":"/api/student-enquiry?page=1&perPage=10","body":null,"ip":"::1"}
{"ts":"2026-06-10T14:52:42.534Z","method":"GET","path":"/api/student-enquiry?perPage=1000","body":null,"ip":"::1"}
{"ts":"2026-06-10T14:52:42.597Z","method":"GET","path":"/api/student-enquiry?perPage=1000","body":null,"ip":"::1"}
{"ts":"2026-06-10T15:00:43.172Z","method":"GET","path":"/api/student-enquiry?perPage=1000","body":null,"ip":"::1"}
{"ts":"2026-06-10T15:00:43.232Z","method":"GET","path":"/api/student-enquiry?perPage=1000","body":null,"ip":"::1"}
{"ts":"2026-06-10T15:01:19.280Z","method":"GET","path":"/api/student-enquiry?perPage=1000","body":null,"ip":"::1"}
{"ts":"2026-06-10T15:01:19.350Z","method":"GET","path":"/api/student-enquiry?perPage=1000","body":null,"ip":"::1"}
{"ts":"2026-06-10T15:03:49.879Z","method":"GET","path":"/api/student-enquiry?perPage=1000","body":null,"ip":"::1"}
{"ts":"2026-06-10T15:03:49.918Z","method":"GET","path":"/api/student-enquiry?perPage=1000","body":null,"ip":"::1"}
{"ts":"2026-06-10T15:04:54.547Z","method":"GET","path":"/api/student-enquiry?perPage=1000","body":null,"ip":"::1"}
{"ts":"2026-06-10T15:04:54.597Z","method":"GET","path":"/api/student-enquiry?perPage=1000","body":null,"ip":"::1"}
{"ts":"2026-06-10T15:07:31.382Z","method":"GET","path":"/api/student-enquiry?perPage=1000","body":null,"ip":"::1"}
{"ts":"2026-06-10T15:07:31.455Z","method":"GET","path":"/api/student-enquiry?perPage=1000","body":null,"ip":"::1"}
{"ts":"2026-06-10T15:21:15.809Z","method":"GET","path":"/api/student-enquiry?page=1&perPage=1000","body":null,"ip":"::1"}
{"ts":"2026-06-10T15:21:15.923Z","method":"GET","path":"/api/student-enquiry?page=1&perPage=1000","body":null,"ip":"::1"}
{"ts":"2026-06-10T15:23:29.586Z","method":"GET","path":"/api/student-enquiry?page=1&perPage=1000","body":null,"ip":"::1"}
{"ts":"2026-06-10T15:23:29.645Z","method":"GET","path":"/api/student-enquiry?page=1&perPage=1000","body":null,"ip":"::1"}
{"ts":"2026-06-10T15:28:26.507Z","method":"GET","path":"/api/student-enquiry?page=1&perPage=1000","body":null,"ip":"::1"}
{"ts":"2026-06-10T15:31:48.644Z","method":"GET","path":"/api/student-enquiry?page=1&perPage=1000","body":null,"ip":"::1"}
{"ts":"2026-06-10T15:31:48.711Z","method":"GET","path":"/api/student-enquiry?page=1&perPage=1000","body":null,"ip":"::1"}
{"ts":"2026-06-10T15:33:24.112Z","method":"GET","path":"/api/student-enquiry?page=1&perPage=1000","body":null,"ip":"::1"}
{"ts":"2026-06-10T15:33:24.152Z","method":"GET","path":"/api/student-enquiry?page=1&perPage=1000","body":null,"ip":"::1"}
{"ts":"2026-06-10T15:35:55.521Z","method":"GET","path":"/api/student-enquiry?page=1&perPage=1000","body":null,"ip":"::1"}
{"ts":"2026-06-10T15:37:21.300Z","method":"GET","path":"/api/student-enquiry?page=1&perPage=1000","body":null,"ip":"::1"}
{"ts":"2026-06-10T15:37:21.387Z","method":"GET","path":"/api/student-enquiry?page=1&perPage=1000","body":null,"ip":"::1"}
{"ts":"2026-06-10T15:38:30.810Z","method":"GET","path":"/api/student-enquiry?page=1&perPage=1000","body":null,"ip":"::1"}
{"ts":"2026-06-10T15:38:30.905Z","method":"GET","path":"/api/student-enquiry?page=1&perPage=1000","body":null,"ip":"::1"}
{"ts":"2026-06-10T15:38:37.335Z","method":"GET","path":"/api/student-enquiry?page=1&perPage=1000","body":null,"ip":"::1"}
{"ts":"2026-06-10T15:38:37.374Z","method":"GET","path":"/api/student-enquiry?page=1&perPage=1000","body":null,"ip":"::1"}
{"ts":"2026-06-10T15:41:36.779Z","method":"GET","path":"/api/student-enquiry?page=1&perPage=10","body":null,"ip":"::1"}
{"ts":"2026-06-10T15:41:36.865Z","method":"GET","path":"/api/student-enquiry?page=1&perPage=10","body":null,"ip":"::1"}
{"ts":"2026-06-10T15:45:20.753Z","method":"GET","path":"/api/student-enquiry?page=1&perPage=1000","body":null,"ip":"::1"}
{"ts":"2026-06-10T15:45:20.815Z","method":"GET","path":"/api/student-enquiry?page=1&perPage=1000","body":null,"ip":"::1"}
{"ts":"2026-06-10T15:46:16.496Z","method":"GET","path":"/api/student-enquiry?page=1&perPage=1000","body":null,"ip":"::1"}
{"ts":"2026-06-10T15:47:35.721Z","method":"GET","path":"/api/student-enquiry?page=1&perPage=1000","body":null,"ip":"::1"}
{"ts":"2026-06-10T15:47:35.776Z","method":"GET","path":"/api/student-enquiry?page=1&perPage=1000","body":null,"ip":"::1"}
{"ts":"2026-06-10T15:51:38.069Z","method":"GET","path":"/api/student-enquiry?page=1&perPage=1000","body":null,"ip":"::1"}
{"ts":"2026-06-10T15:51:38.120Z","method":"GET","path":"/api/student-enquiry?page=1&perPage=1000","body":null,"ip":"::1"}
{"ts":"2026-06-10T15:51:46.202Z","method":"GET","path":"/api/student-enquiry?page=1&perPage=1000","body":null,"ip":"::1"}
{"ts":"2026-06-10T15:51:46.259Z","method":"GET","path":"/api/student-enquiry?page=1&perPage=1000","body":null,"ip":"::1"}
{"ts":"2026-06-10T15:52:21.567Z","method":"GET","path":"/api/student-enquiry?page=1&perPage=1000","body":null,"ip":"::1"}
{"ts":"2026-06-10T15:52:21.631Z","method":"GET","path":"/api/student-enquiry?page=1&perPage=1000","body":null,"ip":"::1"}
{"ts":"2026-06-10T15:52:25.493Z","method":"GET","path":"/api/student-enquiry?page=1&perPage=1000","body":null,"ip":"::1"}
{"ts":"2026-06-10T15:52:25.556Z","method":"GET","path":"/api/student-enquiry?page=1&perPage=1000","body":null,"ip":"::1"}
{"ts":"2026-06-10T16:13:50.547Z","method":"GET","path":"/api/student-enquiry?page=1&perPage=1000","body":null,"ip":"::1"}
{"ts":"2026-06-10T16:13:50.613Z","method":"GET","path":"/api/student-enquiry?page=1&perPage=1000","body":null,"ip":"::1"}
{"ts":"2026-06-10T16:17:12.205Z","method":"GET","path":"/api/student-enquiry?page=1&perPage=1000","body":null,"ip":"::1"}
{"ts":"2026-06-10T16:17:12.270Z","method":"GET","path":"/api/student-enquiry?page=1&perPage=1000","body":null,"ip":"::1"}
{"ts":"2026-06-10T16:17:46.609Z","method":"GET","path":"/api/student-enquiry?page=1&perPage=1000","body":null,"ip":"::1"}
{"ts":"2026-06-10T16:17:46.656Z","method":"GET","path":"/api/student-enquiry?page=1&perPage=1000","body":null,"ip":"::1"}
{"ts":"2026-06-10T16:28:02.497Z","method":"GET","path":"/api/student-enquiry?page=1&perPage=1000","body":null,"ip":"::1"}
{"ts":"2026-06-10T16:38:31.489Z","method":"GET","path":"/api/student-enquiry?page=1&perPage=1000","body":null,"ip":"::1"}
{"ts":"2026-06-10T16:38:31.568Z","method":"GET","path":"/api/student-enquiry?page=1&perPage=1000","body":null,"ip":"::1"}
{"ts":"2026-06-10T16:47:11.905Z","method":"GET","path":"/api/student-enquiry?page=1&perPage=1000","body":null,"ip":"::1"}
{"ts":"2026-06-10T16:47:11.986Z","method":"GET","path":"/api/student-enquiry?page=1&perPage=1000","body":null,"ip":"::1"}
{"ts":"2026-06-10T17:01:31.372Z","method":"GET","path":"/api/student-enquiry?page=1&perPage=1000","body":null,"ip":"::1"}
{"ts":"2026-06-10T17:01:31.427Z","method":"GET","path":"/api/student-enquiry?page=1&perPage=1000","body":null,"ip":"::1"}
{"ts":"2026-06-10T17:01:33.276Z","method":"GET","path":"/api/student-enquiry?page=1&perPage=1000","body":null,"ip":"::1"}
{"ts":"2026-06-10T17:01:33.329Z","method":"GET","path":"/api/student-enquiry?page=1&perPage=1000","body":null,"ip":"::1"}
{"ts":"2026-06-10T17:48:56.043Z","method":"GET","path":"/api/student-enquiry?page=1&perPage=1000","body":null,"ip":"::1"}
{"ts":"2026-06-10T17:49:15.254Z","method":"GET","path":"/api/student-enquiry?page=1&perPage=1000","body":null,"ip":"::1"}
{"ts":"2026-06-10T17:50:19.105Z","method":"GET","path":"/api/student-enquiry?page=1&perPage=1000","body":null,"ip":"::1"}
{"ts":"2026-06-10T17:50:19.152Z","method":"GET","path":"/api/student-enquiry?page=1&perPage=1000","body":null,"ip":"::1"}
{"ts":"2026-06-10T17:50:21.684Z","method":"GET","path":"/api/student-enquiry?page=1&perPage=1000","body":null,"ip":"::1"}
{"ts":"2026-06-10T17:50:21.757Z","method":"GET","path":"/api/student-enquiry?page=1&perPage=1000","body":null,"ip":"::1"}
{"ts":"2026-06-10T17:54:32.159Z","method":"GET","path":"/api/student-enquiry?page=1&perPage=1000","body":null,"ip":"::1"}
{"ts":"2026-06-10T17:54:32.218Z","method":"GET","path":"/api/student-enquiry?page=1&perPage=1000","body":null,"ip":"::1"}
{"ts":"2026-06-10T17:54:37.199Z","method":"GET","path":"/api/student-enquiry?page=1&perPage=1000","body":null,"ip":"::1"}
{"ts":"2026-06-10T17:54:37.259Z","method":"GET","path":"/api/student-enquiry?page=1&perPage=1000","body":null,"ip":"::1"}
{"ts":"2026-06-10T17:55:42.616Z","method":"GET","path":"/api/student-enquiry?page=1&perPage=1000","body":null,"ip":"::1"}
{"ts":"2026-06-10T17:55:42.667Z","method":"GET","path":"/api/student-enquiry?page=1&perPage=1000","body":null,"ip":"::1"}
{"ts":"2026-06-10T17:58:52.172Z","method":"GET","path":"/api/student-enquiry?page=1&perPage=10","body":null,"ip":"::1"}
{"ts":"2026-06-10T17:58:52.285Z","method":"GET","path":"/api/student-enquiry?page=1&perPage=10","body":null,"ip":"::1"}
{"ts":"2026-06-10T17:59:08.660Z","method":"GET","path":"/api/student-enquiry?page=1&perPage=1000","body":null,"ip":"::1"}
{"ts":"2026-06-10T17:59:08.739Z","method":"GET","path":"/api/student-enquiry?page=1&perPage=1000","body":null,"ip":"::1"}
{"ts":"2026-06-10T17:59:16.508Z","method":"GET","path":"/api/student-enquiry?page=1&perPage=1000","body":null,"ip":"::1"}
{"ts":"2026-06-10T17:59:16.577Z","method":"GET","path":"/api/student-enquiry?page=1&perPage=1000","body":null,"ip":"::1"}
{"ts":"2026-06-10T18:34:50.512Z","method":"GET","path":"/api/student-enquiry?page=1&perPage=10","body":null,"ip":"::1"}
{"ts":"2026-06-10T18:34:50.643Z","method":"GET","path":"/api/student-enquiry?page=1&perPage=10","body":null,"ip":"::1"}
{"ts":"2026-06-10T18:36:10.251Z","method":"GET","path":"/api/student-enquiry?page=1&perPage=1000","body":null,"ip":"::1"}
{"ts":"2026-06-10T18:36:10.409Z","method":"GET","path":"/api/student-enquiry?page=1&perPage=1000","body":null,"ip":"::1"}
{"ts":"2026-06-10T18:43:42.941Z","method":"GET","path":"/api/student-enquiry?page=1&perPage=1000","body":null,"ip":"::1"}
{"ts":"2026-06-10T18:43:43.113Z","method":"GET","path":"/api/student-enquiry?page=1&perPage=1000","body":null,"ip":"::1"}
{"ts":"2026-06-10T18:44:02.587Z","method":"GET","path":"/api/student-enquiry?perPage=1000","body":null,"ip":"::1"}
{"ts":"2026-06-10T18:44:02.690Z","method":"GET","path":"/api/student-enquiry?perPage=1000","body":null,"ip":"::1"}
